[2026-01-30 17:37:54] INFO [swarm:53] - Déploiement cluster test: 1 managers, 1 workers
[2026-01-30 17:37:56] INFO [swarm:73] - Hôte sélectionné: KVM Distant Principal
[2026-01-30 17:37:57] INFO [swarm:80] - Réseau créé: swarm_user1_test
[2026-01-30 17:37:57] INFO [swarm:96] - Cluster créé dans la DB: test
[2026-01-30 17:37:57] INFO [swarm:101] - Déploiement nœud test-manager-1...
[2026-01-30 17:38:11] INFO [swarm:101] - Déploiement nœud test-worker-1...
[2026-01-30 17:38:18] INFO [swarm:126] - Cluster test déployé, attente des IPs DHCP...
[2026-01-30 17:43:49] INFO [swarm:227] - Suppression cluster test par user1
[2026-01-30 17:43:49] INFO [swarm:233] - ✓ Cluster test supprimé
[2026-01-30 17:47:21] INFO [swarm:53] - Déploiement cluster cluster1: 1 managers, 1 workers
[2026-01-30 17:47:22] INFO [swarm:73] - Hôte sélectionné: KVM Distant Principal
[2026-01-30 17:47:24] INFO [swarm:80] - Réseau créé: swarm_user1_cluster1
[2026-01-30 17:47:24] INFO [swarm:96] - Cluster créé dans la DB: cluster1
[2026-01-30 17:47:24] INFO [swarm:101] - Déploiement nœud cluster1-manager-1...
[2026-01-30 17:47:43] INFO [swarm:101] - Déploiement nœud cluster1-worker-1...
[2026-01-30 17:47:49] INFO [swarm:126] - Cluster cluster1 déployé, attente des IPs DHCP...
[2026-01-30 21:34:50] INFO [swarm:37] - Récupération clusters pour user1: 0 trouvés
[2026-01-30 21:35:05] INFO [swarm:37] - Récupération clusters pour user1: 0 trouvés
[2026-01-30 21:35:06] INFO [swarm:55] - Déploiement cluster cluster001: 1M + 1W par user1
[2026-01-30 21:35:20] INFO [swarm:37] - Récupération clusters pour user1: 0 trouvés
[2026-01-30 21:35:30] INFO [swarm:55] - Déploiement cluster cluster001: 1M + 0W par user1
[2026-01-30 21:35:30] INFO [swarm:96] - Hôte sélectionné: KVM Local
[2026-01-30 21:35:30] INFO [swarm:100] - Création réseau: swarm_user1_cluster001
[2026-01-30 21:35:31] INFO [swarm:117] - Cluster cluster001 créé en base de données
[2026-01-30 21:35:31] INFO [swarm:124] - Déploiement nœud: cluster001-manager-1 (manager)
[2026-01-30 21:35:35] INFO [swarm:37] - Récupération clusters pour user1: 1 trouvés
[2026-01-30 21:35:50] INFO [swarm:37] - Récupération clusters pour user1: 1 trouvés
[2026-01-30 21:35:53] INFO [swarm:141] - ✓ Nœud cluster001-manager-1 déployé
[2026-01-30 21:36:05] INFO [swarm:37] - Récupération clusters pour user1: 1 trouvés
[2026-01-30 21:36:20] INFO [swarm:37] - Récupération clusters pour user1: 1 trouvés
[2026-01-30 21:36:35] INFO [swarm:37] - Récupération clusters pour user1: 1 trouvés
[2026-01-30 21:36:36] INFO [swarm:229] - Statut cluster cluster001 récupéré
[2026-01-30 21:36:50] INFO [swarm:37] - Récupération clusters pour user1: 1 trouvés
[2026-01-30 21:37:05] INFO [swarm:37] - Récupération clusters pour user1: 1 trouvés
[2026-01-30 21:37:20] INFO [swarm:37] - Récupération clusters pour user1: 1 trouvés
[2026-01-30 21:37:35] INFO [swarm:37] - Récupération clusters pour user1: 1 trouvés
[2026-01-30 21:37:42] INFO [swarm:192] - Suppression cluster cluster001 par user1
[2026-01-30 21:37:42] INFO [swarm:206] - Cluster cluster001 supprimé
[2026-01-30 21:37:43] INFO [swarm:37] - Récupération clusters pour user1: 0 trouvés
[2026-01-30 21:37:50] INFO [swarm:37] - Récupération clusters pour user1: 0 trouvés
[2026-01-30 21:38:05] INFO [swarm:37] - Récupération clusters pour user1: 0 trouvés
[2026-01-30 21:38:20] INFO [swarm:37] - Récupération clusters pour user1: 0 trouvés
[2026-01-30 21:38:35] INFO [swarm:37] - Récupération clusters pour user1: 0 trouvés
[2026-01-30 21:38:50] INFO [swarm:37] - Récupération clusters pour user1: 0 trouvés
[2026-01-30 21:39:05] INFO [swarm:37] - Récupération clusters pour user1: 0 trouvés
[2026-01-30 21:39:20] INFO [swarm:37] - Récupération clusters pour user1: 0 trouvés
[2026-01-30 21:39:35] INFO [swarm:37] - Récupération clusters pour user1: 0 trouvés
[2026-01-30 21:39:50] INFO [swarm:37] - Récupération clusters pour user1: 0 trouvés
[2026-01-30 21:40:05] INFO [swarm:37] - Récupération clusters pour user1: 0 trouvés
[2026-01-30 21:40:20] INFO [swarm:37] - Récupération clusters pour user1: 0 trouvés
[2026-01-30 21:40:35] INFO [swarm:37] - Récupération clusters pour user1: 0 trouvés
[2026-01-30 21:40:50] INFO [swarm:37] - Récupération clusters pour user1: 0 trouvés
[2026-01-30 21:41:05] INFO [swarm:37] - Récupération clusters pour user1: 0 trouvés
[2026-01-30 21:41:20] INFO [swarm:37] - Récupération clusters pour user1: 0 trouvés
[2026-01-30 21:41:35] INFO [swarm:37] - Récupération clusters pour user1: 0 trouvés
[2026-01-30 21:41:50] INFO [swarm:37] - Récupération clusters pour user1: 0 trouvés
[2026-01-30 21:42:05] INFO [swarm:37] - Récupération clusters pour user1: 0 trouvés
[2026-01-30 21:42:20] INFO [swarm:37] - Récupération clusters pour user1: 0 trouvés
[2026-01-30 21:42:35] INFO [swarm:37] - Récupération clusters pour user1: 0 trouvés
[2026-01-30 21:42:50] INFO [swarm:37] - Récupération clusters pour user1: 0 trouvés
[2026-01-30 21:43:05] INFO [swarm:37] - Récupération clusters pour user1: 0 trouvés
[2026-01-30 21:43:20] INFO [swarm:37] - Récupération clusters pour user1: 0 trouvés
[2026-01-30 21:43:35] INFO [swarm:37] - Récupération clusters pour user1: 0 trouvés
[2026-01-30 21:43:50] INFO [swarm:37] - Récupération clusters pour user1: 0 trouvés
[2026-01-30 21:44:05] INFO [swarm:37] - Récupération clusters pour user1: 0 trouvés
[2026-01-30 21:44:20] INFO [swarm:37] - Récupération clusters pour user1: 0 trouvés
[2026-01-30 21:44:35] INFO [swarm:37] - Récupération clusters pour user1: 0 trouvés
[2026-01-30 21:44:50] INFO [swarm:37] - Récupération clusters pour user1: 0 trouvés
[2026-01-30 21:45:05] INFO [swarm:37] - Récupération clusters pour user1: 0 trouvés
[2026-01-30 21:45:20] INFO [swarm:37] - Récupération clusters pour user1: 0 trouvés
[2026-01-30 21:45:35] INFO [swarm:37] - Récupération clusters pour user1: 0 trouvés
[2026-01-30 21:45:50] INFO [swarm:37] - Récupération clusters pour user1: 0 trouvés
[2026-01-30 21:46:05] INFO [swarm:37] - Récupération clusters pour user1: 0 trouvés
[2026-01-30 21:46:20] INFO [swarm:37] - Récupération clusters pour user1: 0 trouvés
[2026-01-30 21:46:35] INFO [swarm:37] - Récupération clusters pour user1: 0 trouvés
[2026-01-30 21:46:50] INFO [swarm:37] - Récupération clusters pour user1: 0 trouvés
[2026-01-30 21:47:05] INFO [swarm:37] - Récupération clusters pour user1: 0 trouvés
[2026-01-30 21:47:20] INFO [swarm:37] - Récupération clusters pour user1: 0 trouvés
[2026-01-30 21:47:35] INFO [swarm:37] - Récupération clusters pour user1: 0 trouvés
[2026-01-30 21:47:50] INFO [swarm:37] - Récupération clusters pour user1: 0 trouvés
[2026-01-30 21:48:05] INFO [swarm:37] - Récupération clusters pour user1: 0 trouvés
[2026-01-30 21:48:20] INFO [swarm:37] - Récupération clusters pour user1: 0 trouvés
[2026-01-30 21:48:35] INFO [swarm:37] - Récupération clusters pour user1: 0 trouvés
[2026-01-30 21:48:50] INFO [swarm:37] - Récupération clusters pour user1: 0 trouvés
[2026-01-30 21:49:06] INFO [swarm:37] - Récupération clusters pour user1: 0 trouvés
[2026-01-30 21:49:21] INFO [swarm:37] - Récupération clusters pour user1: 0 trouvés
[2026-01-30 21:49:36] INFO [swarm:37] - Récupération clusters pour user1: 0 trouvés
[2026-01-30 21:49:51] INFO [swarm:37] - Récupération clusters pour user1: 0 trouvés
[2026-01-30 21:50:06] INFO [swarm:37] - Récupération clusters pour user1: 0 trouvés
[2026-01-30 21:50:21] INFO [swarm:37] - Récupération clusters pour user1: 0 trouvés
[2026-01-30 21:50:36] INFO [swarm:37] - Récupération clusters pour user1: 0 trouvés
[2026-01-30 21:50:51] INFO [swarm:37] - Récupération clusters pour user1: 0 trouvés
[2026-01-30 21:51:06] INFO [swarm:37] - Récupération clusters pour user1: 0 trouvés
[2026-01-30 21:51:21] INFO [swarm:37] - Récupération clusters pour user1: 0 trouvés
[2026-01-30 21:51:36] INFO [swarm:37] - Récupération clusters pour user1: 0 trouvés
[2026-01-30 21:51:51] INFO [swarm:37] - Récupération clusters pour user1: 0 trouvés
[2026-01-30 21:52:06] INFO [swarm:37] - Récupération clusters pour user1: 0 trouvés
[2026-01-30 21:52:21] INFO [swarm:37] - Récupération clusters pour user1: 0 trouvés
[2026-01-30 21:52:36] INFO [swarm:37] - Récupération clusters pour user1: 0 trouvés
[2026-01-30 21:52:51] INFO [swarm:37] - Récupération clusters pour user1: 0 trouvés
[2026-01-30 21:53:06] INFO [swarm:37] - Récupération clusters pour user1: 0 trouvés
[2026-01-30 21:53:21] INFO [swarm:37] - Récupération clusters pour user1: 0 trouvés
[2026-01-30 21:53:36] INFO [swarm:37] - Récupération clusters pour user1: 0 trouvés
[2026-01-30 21:53:51] INFO [swarm:37] - Récupération clusters pour user1: 0 trouvés
[2026-01-30 21:54:06] INFO [swarm:37] - Récupération clusters pour user1: 0 trouvés
[2026-01-30 21:54:21] INFO [swarm:37] - Récupération clusters pour user1: 0 trouvés
[2026-01-30 21:54:36] INFO [swarm:37] - Récupération clusters pour user1: 0 trouvés
[2026-01-30 21:54:51] INFO [swarm:37] - Récupération clusters pour user1: 0 trouvés
[2026-01-30 21:55:06] INFO [swarm:37] - Récupération clusters pour user1: 0 trouvés
[2026-01-30 21:55:21] INFO [swarm:37] - Récupération clusters pour user1: 0 trouvés
[2026-01-30 21:55:36] INFO [swarm:37] - Récupération clusters pour user1: 0 trouvés
[2026-01-30 21:55:51] INFO [swarm:37] - Récupération clusters pour user1: 0 trouvés
[2026-01-30 21:56:06] INFO [swarm:37] - Récupération clusters pour user1: 0 trouvés
[2026-01-30 21:56:21] INFO [swarm:37] - Récupération clusters pour user1: 0 trouvés
[2026-01-30 21:56:37] INFO [swarm:37] - Récupération clusters pour user1: 0 trouvés
[2026-01-31 00:44:47] INFO [swarm:37] - Récupération clusters pour user1: 0 trouvés
[2026-01-31 00:45:02] INFO [swarm:37] - Récupération clusters pour user1: 0 trouvés
[2026-01-31 00:45:17] INFO [swarm:37] - Récupération clusters pour user1: 0 trouvés
[2026-01-31 00:45:21] INFO [swarm:55] - Déploiement cluster test_cluster: 1M + 1W par user1
[2026-01-31 00:45:32] INFO [swarm:37] - Récupération clusters pour user1: 0 trouvés
[2026-01-31 00:45:32] INFO [swarm:55] - Déploiement cluster test_cluster: 1M + 0W par user1
[2026-01-31 00:45:32] INFO [swarm:96] - Hôte sélectionné: KVM Local
[2026-01-31 00:45:32] INFO [swarm:100] - Création réseau: swarm_user1_test_cluster
[2026-01-31 00:45:32] INFO [swarm:117] - Cluster test_cluster créé en base de données
[2026-01-31 00:45:32] INFO [swarm:124] - Déploiement nœud: test_cluster-manager-1 (manager)
[2026-01-31 00:45:47] INFO [swarm:37] - Récupération clusters pour user1: 1 trouvés
[2026-01-31 00:45:50] INFO [swarm:141] - ✓ Nœud test_cluster-manager-1 déployé
[2026-01-31 00:45:52] INFO [swarm:37] - Récupération clusters pour user1: 1 trouvés
[2026-01-31 00:46:02] INFO [swarm:37] - Récupération clusters pour user1: 1 trouvés
[2026-01-31 00:46:17] INFO [swarm:37] - Récupération clusters pour user1: 1 trouvés
[2026-01-31 00:46:32] INFO [swarm:37] - Récupération clusters pour user1: 1 trouvés
[2026-01-31 00:46:47] INFO [swarm:37] - Récupération clusters pour user1: 1 trouvés
[2026-01-31 00:47:02] INFO [swarm:37] - Récupération clusters pour user1: 1 trouvés
[2026-01-31 00:47:17] INFO [swarm:37] - Récupération clusters pour user1: 1 trouvés
[2026-01-31 00:47:32] INFO [swarm:37] - Récupération clusters pour user1: 1 trouvés
[2026-01-31 00:47:47] INFO [swarm:37] - Récupération clusters pour user1: 1 trouvés
[2026-01-31 00:48:02] INFO [swarm:37] - Récupération clusters pour user1: 1 trouvés
[2026-01-31 00:48:17] INFO [swarm:37] - Récupération clusters pour user1: 1 trouvés
[2026-01-31 00:48:32] INFO [swarm:37] - Récupération clusters pour user1: 1 trouvés
[2026-01-31 00:48:47] INFO [swarm:37] - Récupération clusters pour user1: 1 trouvés
[2026-01-31 00:49:02] INFO [swarm:37] - Récupération clusters pour user1: 1 trouvés
[2026-01-31 00:49:17] INFO [swarm:37] - Récupération clusters pour user1: 1 trouvés
[2026-01-31 00:49:32] INFO [swarm:37] - Récupération clusters pour user1: 1 trouvés
[2026-01-31 00:49:46] INFO [swarm:37] - Récupération clusters pour user1: 1 trouvés
[2026-01-31 00:50:01] INFO [swarm:37] - Récupération clusters pour user1: 1 trouvés
[2026-01-31 00:50:16] INFO [swarm:37] - Récupération clusters pour user1: 1 trouvés
[2026-01-31 00:50:31] INFO [swarm:37] - Récupération clusters pour user1: 1 trouvés
[2026-01-31 00:50:46] INFO [swarm:37] - Récupération clusters pour user1: 1 trouvés
[2026-01-31 00:51:01] INFO [swarm:37] - Récupération clusters pour user1: 1 trouvés
[2026-01-31 00:51:16] INFO [swarm:37] - Récupération clusters pour user1: 1 trouvés
[2026-01-31 00:51:31] INFO [swarm:37] - Récupération clusters pour user1: 1 trouvés
[2026-01-31 00:51:46] INFO [swarm:37] - Récupération clusters pour user1: 1 trouvés
[2026-01-31 00:52:01] INFO [swarm:37] - Récupération clusters pour user1: 1 trouvés
[2026-01-31 00:52:16] INFO [swarm:37] - Récupération clusters pour user1: 1 trouvés
[2026-01-31 00:52:31] INFO [swarm:37] - Récupération clusters pour user1: 1 trouvés
[2026-01-31 00:52:46] INFO [swarm:37] - Récupération clusters pour user1: 1 trouvés
[2026-01-31 00:53:01] INFO [swarm:37] - Récupération clusters pour user1: 1 trouvés
[2026-01-31 00:53:16] INFO [swarm:37] - Récupération clusters pour user1: 1 trouvés
[2026-01-31 00:53:31] INFO [swarm:37] - Récupération clusters pour user1: 1 trouvés
[2026-01-31 00:53:46] INFO [swarm:37] - Récupération clusters pour user1: 1 trouvés
[2026-01-31 00:54:01] INFO [swarm:37] - Récupération clusters pour user1: 1 trouvés
[2026-01-31 00:54:16] INFO [swarm:37] - Récupération clusters pour user1: 1 trouvés
[2026-01-31 00:54:31] INFO [swarm:37] - Récupération clusters pour user1: 1 trouvés
[2026-01-31 00:54:46] INFO [swarm:37] - Récupération clusters pour user1: 1 trouvés
[2026-01-31 00:55:01] INFO [swarm:37] - Récupération clusters pour user1: 1 trouvés
[2026-01-31 00:55:16] INFO [swarm:37] - Récupération clusters pour user1: 1 trouvés
[2026-01-31 00:55:31] INFO [swarm:37] - Récupération clusters pour user1: 1 trouvés
[2026-01-31 00:55:46] INFO [swarm:37] - Récupération clusters pour user1: 1 trouvés
[2026-01-31 00:56:01] INFO [swarm:37] - Récupération clusters pour user1: 1 trouvés
[2026-01-31 00:56:13] INFO [swarm:37] - Récupération clusters pour user1: 1 trouvés
[2026-01-31 00:56:28] INFO [swarm:37] - Récupération clusters pour user1: 1 trouvés
[2026-01-31 00:56:43] INFO [swarm:37] - Récupération clusters pour user1: 1 trouvés
[2026-01-31 00:56:59] INFO [swarm:37] - Récupération clusters pour user1: 1 trouvés
[2026-01-31 00:57:14] INFO [swarm:37] - Récupération clusters pour user1: 1 trouvés
[2026-01-31 00:57:53] INFO [swarm:59] - IP mise à jour pour test_cluster-manager-1: 192.168.113.178
[2026-01-31 00:57:53] INFO [swarm:61] - Récupération clusters pour user1: 1 trouvés
[2026-01-31 00:57:53] INFO [swarm:59] - IP mise à jour pour test_cluster-manager-1: 192.168.113.178
[2026-01-31 00:57:53] INFO [swarm:61] - Récupération clusters pour user1: 1 trouvés
[2026-01-31 00:57:59] INFO [swarm:61] - Récupération clusters pour user1: 1 trouvés
[2026-01-31 00:58:14] INFO [swarm:61] - Récupération clusters pour user1: 1 trouvés
[2026-01-31 00:58:29] INFO [swarm:61] - Récupération clusters pour user1: 1 trouvés
[2026-01-31 00:58:44] INFO [swarm:61] - Récupération clusters pour user1: 1 trouvés
[2026-01-31 00:58:56] INFO [swarm:61] - Récupération clusters pour user1: 1 trouvés
[2026-01-31 00:59:11] INFO [swarm:61] - Récupération clusters pour user1: 1 trouvés
[2026-01-31 00:59:25] INFO [swarm:61] - Récupération clusters pour user1: 1 trouvés
[2026-01-31 00:59:40] INFO [swarm:61] - Récupération clusters pour user1: 1 trouvés
[2026-01-31 00:59:55] INFO [swarm:61] - Récupération clusters pour user1: 1 trouvés
[2026-01-31 01:00:11] INFO [swarm:61] - Récupération clusters pour user1: 1 trouvés
[2026-01-31 01:00:26] INFO [swarm:61] - Récupération clusters pour user1: 1 trouvés
[2026-01-31 01:00:26] INFO [swarm:284] - Statut cluster test_cluster récupéré
[2026-01-31 01:00:26] INFO [swarm:61] - Récupération clusters pour user1: 1 trouvés
[2026-01-31 01:00:31] INFO [swarm:61] - Récupération clusters pour user1: 1 trouvés
[2026-01-31 01:12:17] INFO [swarm:61] - Récupération clusters pour user1: 1 trouvés
[2026-01-31 01:12:32] INFO [swarm:61] - Récupération clusters pour user1: 1 trouvés
[2026-01-31 01:12:47] INFO [swarm:61] - Récupération clusters pour user1: 1 trouvés
[2026-01-31 01:13:02] INFO [swarm:61] - Récupération clusters pour user1: 1 trouvés
[2026-01-31 01:13:17] INFO [swarm:61] - Récupération clusters pour user1: 1 trouvés
[2026-01-31 01:13:41] INFO [swarm:61] - Récupération clusters pour user1: 1 trouvés
[2026-01-31 01:14:39] INFO [swarm:61] - Récupération clusters pour user1: 1 trouvés
[2026-01-31 01:15:09] INFO [swarm:61] - Récupération clusters pour user1: 1 trouvés
[2026-01-31 01:18:45] INFO [swarm:61] - Récupération clusters pour user1: 1 trouvés
[2026-01-31 01:19:05] INFO [swarm:61] - Récupération clusters pour user1: 1 trouvés
[2026-01-31 01:20:18] INFO [swarm:61] - Récupération clusters pour user1: 1 trouvés
[2026-01-31 06:28:03] INFO [swarm:61] - Récupération clusters pour user1: 1 trouvés
[2026-01-31 06:35:01] INFO [swarm:61] - Récupération clusters pour user1: 1 trouvés
[2026-01-31 08:02:08] INFO [swarm:61] - Récupération clusters pour user1: 1 trouvés
[2026-01-31 08:57:52] INFO [swarm:61] - Récupération clusters pour admin: 0 trouvés
[2026-01-31 08:58:08] INFO [swarm:61] - Récupération clusters pour admin: 0 trouvés
[2026-01-31 08:58:23] INFO [swarm:61] - Récupération clusters pour admin: 0 trouvés
[2026-01-31 08:58:38] INFO [swarm:61] - Récupération clusters pour admin: 0 trouvés
[2026-01-31 08:58:53] INFO [swarm:61] - Récupération clusters pour admin: 0 trouvés
[2026-01-31 08:58:57] INFO [swarm:61] - Récupération clusters pour admin: 0 trouvés
[2026-01-31 08:59:13] INFO [swarm:61] - Récupération clusters pour admin: 0 trouvés
[2026-01-31 08:59:28] INFO [swarm:61] - Récupération clusters pour admin: 0 trouvés
[2026-01-31 08:59:51] INFO [swarm:61] - Récupération clusters pour user1: 1 trouvés
[2026-01-31 09:00:06] INFO [swarm:61] - Récupération clusters pour user1: 1 trouvés
[2026-01-31 09:00:21] INFO [swarm:61] - Récupération clusters pour user1: 1 trouvés
[2026-01-31 09:00:36] INFO [swarm:61] - Récupération clusters pour user1: 1 trouvés
[2026-01-31 09:00:51] INFO [swarm:61] - Récupération clusters pour user1: 1 trouvés
[2026-01-31 09:01:06] INFO [swarm:61] - Récupération clusters pour user1: 1 trouvés
[2026-01-31 09:01:21] INFO [swarm:61] - Récupération clusters pour user1: 1 trouvés
[2026-01-31 09:01:36] INFO [swarm:61] - Récupération clusters pour user1: 1 trouvés
[2026-01-31 09:01:45] INFO [swarm:61] - Récupération clusters pour user1: 1 trouvés
[2026-01-31 09:02:00] INFO [swarm:61] - Récupération clusters pour user1: 1 trouvés
[2026-01-31 09:02:16] INFO [swarm:61] - Récupération clusters pour user1: 1 trouvés
[2026-01-31 09:02:31] INFO [swarm:61] - Récupération clusters pour user1: 1 trouvés
[2026-01-31 09:02:46] INFO [swarm:61] - Récupération clusters pour user1: 1 trouvés
[2026-01-31 09:03:01] INFO [swarm:61] - Récupération clusters pour user1: 1 trouvés
[2026-01-31 09:03:16] INFO [swarm:61] - Récupération clusters pour user1: 1 trouvés
[2026-01-31 09:03:31] INFO [swarm:61] - Récupération clusters pour user1: 1 trouvés
[2026-01-31 09:03:46] INFO [swarm:61] - Récupération clusters pour user1: 1 trouvés
[2026-01-31 09:04:01] INFO [swarm:61] - Récupération clusters pour user1: 1 trouvés
[2026-01-31 09:04:18] INFO [swarm:61] - Récupération clusters pour user1: 1 trouvés
[2026-01-31 09:04:33] INFO [swarm:61] - Récupération clusters pour user1: 1 trouvés
[2026-01-31 09:04:48] INFO [swarm:61] - Récupération clusters pour user1: 1 trouvés
[2026-01-31 09:05:03] INFO [swarm:61] - Récupération clusters pour user1: 1 trouvés
[2026-01-31 09:05:18] INFO [swarm:61] - Récupération clusters pour user1: 1 trouvés
[2026-01-31 09:05:33] INFO [swarm:61] - Récupération clusters pour user1: 1 trouvés
[2026-01-31 09:05:48] INFO [swarm:61] - Récupération clusters pour user1: 1 trouvés
[2026-01-31 09:06:03] INFO [swarm:61] - Récupération clusters pour user1: 1 trouvés
[2026-01-31 09:06:18] INFO [swarm:61] - Récupération clusters pour user1: 1 trouvés
[2026-01-31 09:06:33] INFO [swarm:61] - Récupération clusters pour user1: 1 trouvés
[2026-01-31 09:06:48] INFO [swarm:61] - Récupération clusters pour user1: 1 trouvés
[2026-01-31 09:07:04] INFO [swarm:61] - Récupération clusters pour user1: 1 trouvés
[2026-01-31 09:07:19] INFO [swarm:61] - Récupération clusters pour user1: 1 trouvés
[2026-01-31 09:07:34] INFO [swarm:61] - Récupération clusters pour user1: 1 trouvés
[2026-01-31 09:07:49] INFO [swarm:61] - Récupération clusters pour user1: 1 trouvés
[2026-01-31 09:08:05] INFO [swarm:61] - Récupération clusters pour user1: 1 trouvés
[2026-01-31 09:08:20] INFO [swarm:61] - Récupération clusters pour user1: 1 trouvés
[2026-01-31 09:08:35] INFO [swarm:61] - Récupération clusters pour user1: 1 trouvés
[2026-01-31 09:08:50] INFO [swarm:61] - Récupération clusters pour user1: 1 trouvés
[2026-01-31 09:09:05] INFO [swarm:61] - Récupération clusters pour user1: 1 trouvés
[2026-01-31 09:09:20] INFO [swarm:61] - Récupération clusters pour user1: 1 trouvés
[2026-01-31 09:09:35] INFO [swarm:61] - Récupération clusters pour user1: 1 trouvés
[2026-01-31 09:09:51] INFO [swarm:61] - Récupération clusters pour user1: 1 trouvés
[2026-01-31 09:10:06] INFO [swarm:61] - Récupération clusters pour user1: 1 trouvés
[2026-01-31 09:10:21] INFO [swarm:61] - Récupération clusters pour user1: 1 trouvés
[2026-01-31 09:10:36] INFO [swarm:61] - Récupération clusters pour user1: 1 trouvés
[2026-01-31 09:10:51] INFO [swarm:61] - Récupération clusters pour user1: 1 trouvés
[2026-01-31 09:11:06] INFO [swarm:61] - Récupération clusters pour user1: 1 trouvés
[2026-01-31 09:11:21] INFO [swarm:61] - Récupération clusters pour user1: 1 trouvés
[2026-01-31 09:11:36] INFO [swarm:61] - Récupération clusters pour user1: 1 trouvés
[2026-01-31 09:11:51] INFO [swarm:61] - Récupération clusters pour user1: 1 trouvés
[2026-01-31 09:12:06] INFO [swarm:61] - Récupération clusters pour user1: 1 trouvés
[2026-01-31 09:12:21] INFO [swarm:61] - Récupération clusters pour user1: 1 trouvés
[2026-01-31 09:12:36] INFO [swarm:61] - Récupération clusters pour user1: 1 trouvés
[2026-01-31 09:12:51] INFO [swarm:61] - Récupération clusters pour user1: 1 trouvés
[2026-01-31 09:13:06] INFO [swarm:61] - Récupération clusters pour user1: 1 trouvés
[2026-01-31 09:13:21] INFO [swarm:61] - Récupération clusters pour user1: 1 trouvés
[2026-01-31 09:13:36] INFO [swarm:61] - Récupération clusters pour user1: 1 trouvés
[2026-01-31 09:13:51] INFO [swarm:61] - Récupération clusters pour user1: 1 trouvés
[2026-01-31 09:14:06] INFO [swarm:61] - Récupération clusters pour user1: 1 trouvés
[2026-01-31 09:14:21] INFO [swarm:61] - Récupération clusters pour user1: 1 trouvés
[2026-01-31 09:14:36] INFO [swarm:61] - Récupération clusters pour user1: 1 trouvés
[2026-01-31 09:14:51] INFO [swarm:61] - Récupération clusters pour user1: 1 trouvés
[2026-01-31 09:15:06] INFO [swarm:61] - Récupération clusters pour user1: 1 trouvés
[2026-01-31 09:15:21] INFO [swarm:61] - Récupération clusters pour user1: 1 trouvés
[2026-01-31 09:15:36] INFO [swarm:61] - Récupération clusters pour user1: 1 trouvés
[2026-01-31 09:15:51] INFO [swarm:61] - Récupération clusters pour user1: 1 trouvés
[2026-01-31 09:16:06] INFO [swarm:61] - Récupération clusters pour user1: 1 trouvés
[2026-01-31 09:16:21] INFO [swarm:61] - Récupération clusters pour user1: 1 trouvés
[2026-01-31 09:16:36] INFO [swarm:61] - Récupération clusters pour user1: 1 trouvés
[2026-01-31 09:16:51] INFO [swarm:61] - Récupération clusters pour user1: 1 trouvés
[2026-01-31 09:17:06] INFO [swarm:61] - Récupération clusters pour user1: 1 trouvés
[2026-01-31 09:17:21] INFO [swarm:61] - Récupération clusters pour user1: 1 trouvés
[2026-01-31 09:17:37] INFO [swarm:61] - Récupération clusters pour user1: 1 trouvés
[2026-01-31 09:17:53] INFO [swarm:61] - Récupération clusters pour user1: 1 trouvés
[2026-01-31 09:18:08] INFO [swarm:61] - Récupération clusters pour user1: 1 trouvés
[2026-01-31 09:18:23] INFO [swarm:61] - Récupération clusters pour user1: 1 trouvés
[2026-01-31 09:18:38] INFO [swarm:61] - Récupération clusters pour user1: 1 trouvés
[2026-01-31 09:18:53] INFO [swarm:61] - Récupération clusters pour user1: 1 trouvés
[2026-01-31 09:19:08] INFO [swarm:61] - Récupération clusters pour user1: 1 trouvés
[2026-01-31 09:19:23] INFO [swarm:61] - Récupération clusters pour user1: 1 trouvés
[2026-01-31 09:19:38] INFO [swarm:61] - Récupération clusters pour user1: 1 trouvés
[2026-01-31 09:19:53] INFO [swarm:61] - Récupération clusters pour user1: 1 trouvés
[2026-01-31 09:20:08] INFO [swarm:61] - Récupération clusters pour user1: 1 trouvés
[2026-01-31 09:20:23] INFO [swarm:61] - Récupération clusters pour user1: 1 trouvés
[2026-01-31 09:20:38] INFO [swarm:61] - Récupération clusters pour user1: 1 trouvés
[2026-01-31 09:20:53] INFO [swarm:61] - Récupération clusters pour user1: 1 trouvés
[2026-01-31 09:21:08] INFO [swarm:61] - Récupération clusters pour user1: 1 trouvés
[2026-01-31 09:21:23] INFO [swarm:61] - Récupération clusters pour user1: 1 trouvés
[2026-01-31 09:21:38] INFO [swarm:61] - Récupération clusters pour user1: 1 trouvés
[2026-01-31 09:21:53] INFO [swarm:61] - Récupération clusters pour user1: 1 trouvés
[2026-01-31 09:22:08] INFO [swarm:61] - Récupération clusters pour user1: 1 trouvés
[2026-01-31 09:22:24] INFO [swarm:61] - Récupération clusters pour user1: 1 trouvés
[2026-01-31 09:22:39] INFO [swarm:61] - Récupération clusters pour user1: 1 trouvés
[2026-01-31 09:22:54] INFO [swarm:61] - Récupération clusters pour user1: 1 trouvés
[2026-01-31 09:23:09] INFO [swarm:61] - Récupération clusters pour user1: 1 trouvés
[2026-01-31 09:23:24] INFO [swarm:61] - Récupération clusters pour user1: 1 trouvés
[2026-01-31 09:23:39] INFO [swarm:61] - Récupération clusters pour user1: 1 trouvés
[2026-01-31 09:23:54] INFO [swarm:61] - Récupération clusters pour user1: 1 trouvés
[2026-01-31 09:24:09] INFO [swarm:61] - Récupération clusters pour user1: 1 trouvés
[2026-01-31 09:24:24] INFO [swarm:61] - Récupération clusters pour user1: 1 trouvés
[2026-01-31 09:24:39] INFO [swarm:61] - Récupération clusters pour user1: 1 trouvés
[2026-01-31 09:24:54] INFO [swarm:61] - Récupération clusters pour user1: 1 trouvés
[2026-01-31 09:25:09] INFO [swarm:61] - Récupération clusters pour user1: 1 trouvés
[2026-01-31 09:25:24] INFO [swarm:61] - Récupération clusters pour user1: 1 trouvés
[2026-01-31 09:25:39] INFO [swarm:61] - Récupération clusters pour user1: 1 trouvés
[2026-01-31 09:25:54] INFO [swarm:61] - Récupération clusters pour user1: 1 trouvés
[2026-01-31 09:26:10] INFO [swarm:61] - Récupération clusters pour user1: 1 trouvés
[2026-01-31 09:26:25] INFO [swarm:61] - Récupération clusters pour user1: 1 trouvés
[2026-01-31 09:26:40] INFO [swarm:61] - Récupération clusters pour user1: 1 trouvés
[2026-01-31 09:26:56] INFO [swarm:61] - Récupération clusters pour user1: 1 trouvés
[2026-01-31 09:27:11] INFO [swarm:61] - Récupération clusters pour user1: 1 trouvés
[2026-01-31 09:27:26] INFO [swarm:61] - Récupération clusters pour user1: 1 trouvés
[2026-01-31 09:27:41] INFO [swarm:61] - Récupération clusters pour user1: 1 trouvés
[2026-01-31 09:27:56] INFO [swarm:61] - Récupération clusters pour user1: 1 trouvés
[2026-01-31 09:28:11] INFO [swarm:61] - Récupération clusters pour user1: 1 trouvés
[2026-01-31 09:28:26] INFO [swarm:61] - Récupération clusters pour user1: 1 trouvés
[2026-01-31 09:28:41] INFO [swarm:61] - Récupération clusters pour user1: 1 trouvés
[2026-01-31 09:28:56] INFO [swarm:61] - Récupération clusters pour user1: 1 trouvés
[2026-01-31 09:29:11] INFO [swarm:61] - Récupération clusters pour user1: 1 trouvés
[2026-01-31 09:29:26] INFO [swarm:61] - Récupération clusters pour user1: 1 trouvés
[2026-01-31 09:29:42] INFO [swarm:61] - Récupération clusters pour user1: 1 trouvés
[2026-01-31 09:29:57] INFO [swarm:61] - Récupération clusters pour user1: 1 trouvés
[2026-01-31 09:30:12] INFO [swarm:61] - Récupération clusters pour user1: 1 trouvés
[2026-01-31 09:30:27] INFO [swarm:61] - Récupération clusters pour user1: 1 trouvés
[2026-01-31 09:30:42] INFO [swarm:61] - Récupération clusters pour user1: 1 trouvés
[2026-01-31 09:30:57] INFO [swarm:61] - Récupération clusters pour user1: 1 trouvés
[2026-01-31 09:31:12] INFO [swarm:61] - Récupération clusters pour user1: 1 trouvés
[2026-01-31 09:31:27] INFO [swarm:61] - Récupération clusters pour user1: 1 trouvés
[2026-01-31 09:31:42] INFO [swarm:61] - Récupération clusters pour user1: 1 trouvés
[2026-01-31 09:31:57] INFO [swarm:61] - Récupération clusters pour user1: 1 trouvés
[2026-01-31 09:32:12] INFO [swarm:61] - Récupération clusters pour user1: 1 trouvés
[2026-01-31 09:32:27] INFO [swarm:61] - Récupération clusters pour user1: 1 trouvés
[2026-01-31 09:32:42] INFO [swarm:61] - Récupération clusters pour user1: 1 trouvés
[2026-01-31 09:32:57] INFO [swarm:61] - Récupération clusters pour user1: 1 trouvés
[2026-01-31 09:33:13] INFO [swarm:61] - Récupération clusters pour user1: 1 trouvés
[2026-01-31 09:33:28] INFO [swarm:61] - Récupération clusters pour user1: 1 trouvés
[2026-01-31 09:34:18] INFO [swarm:61] - Récupération clusters pour user1: 1 trouvés
[2026-01-31 09:34:18] INFO [swarm:61] - Récupération clusters pour user1: 1 trouvés
[2026-01-31 09:34:18] INFO [swarm:61] - Récupération clusters pour user1: 1 trouvés
[2026-01-31 09:34:25] INFO [swarm:61] - Récupération clusters pour user1: 1 trouvés
[2026-01-31 09:34:41] INFO [swarm:61] - Récupération clusters pour user1: 1 trouvés
[2026-01-31 09:34:57] INFO [swarm:61] - Récupération clusters pour user1: 1 trouvés
[2026-01-31 09:35:12] INFO [swarm:61] - Récupération clusters pour user1: 1 trouvés
[2026-01-31 09:35:27] INFO [swarm:61] - Récupération clusters pour user1: 1 trouvés
[2026-01-31 09:35:42] INFO [swarm:61] - Récupération clusters pour user1: 1 trouvés
[2026-01-31 09:35:57] INFO [swarm:61] - Récupération clusters pour user1: 1 trouvés
[2026-01-31 09:36:12] INFO [swarm:61] - Récupération clusters pour user1: 1 trouvés
[2026-01-31 09:36:15] INFO [swarm:61] - Récupération clusters pour user1: 1 trouvés
[2026-01-31 09:36:30] INFO [swarm:61] - Récupération clusters pour user1: 1 trouvés
[2026-01-31 09:36:45] INFO [swarm:61] - Récupération clusters pour user1: 1 trouvés
[2026-01-31 09:37:00] INFO [swarm:61] - Récupération clusters pour user1: 1 trouvés
[2026-01-31 09:37:15] INFO [swarm:61] - Récupération clusters pour user1: 1 trouvés
[2026-01-31 09:37:30] INFO [swarm:61] - Récupération clusters pour user1: 1 trouvés
[2026-01-31 09:37:45] INFO [swarm:61] - Récupération clusters pour user1: 1 trouvés
[2026-01-31 09:38:00] INFO [swarm:61] - Récupération clusters pour user1: 1 trouvés
[2026-01-31 09:38:15] INFO [swarm:61] - Récupération clusters pour user1: 1 trouvés
[2026-01-31 09:38:30] INFO [swarm:61] - Récupération clusters pour user1: 1 trouvés
[2026-01-31 09:38:45] INFO [swarm:61] - Récupération clusters pour user1: 1 trouvés
[2026-01-31 09:39:00] INFO [swarm:61] - Récupération clusters pour user1: 1 trouvés
[2026-01-31 11:53:16] INFO [swarm:61] - Récupération clusters pour admin: 0 trouvés
[2026-01-31 12:30:24] INFO [swarm:61] - Récupération clusters pour admin: 0 trouvés
[2026-01-31 12:32:40] INFO [swarm:61] - Récupération clusters pour admin: 0 trouvés
[2026-01-31 12:32:48] INFO [swarm:61] - Récupération clusters pour admin: 0 trouvés
[2026-01-31 12:32:49] INFO [swarm:61] - Récupération clusters pour admin: 0 trouvés
[2026-01-31 12:34:03] INFO [swarm:61] - Récupération clusters pour admin: 0 trouvés
[2026-01-31 12:34:08] INFO [swarm:61] - Récupération clusters pour admin: 0 trouvés
[2026-01-31 13:00:28] INFO [swarm:61] - Récupération clusters pour user1: 1 trouvés
[2026-01-31 13:00:43] INFO [swarm:61] - Récupération clusters pour user1: 1 trouvés
[2026-01-31 13:00:58] INFO [swarm:61] - Récupération clusters pour user1: 1 trouvés
[2026-01-31 13:01:13] INFO [swarm:61] - Récupération clusters pour user1: 1 trouvés
[2026-01-31 13:01:28] INFO [swarm:61] - Récupération clusters pour user1: 1 trouvés
[2026-01-31 13:01:37] INFO [swarm:79] - Déploiement cluster cluster001: 1M + 1W par user1
[2026-01-31 13:01:43] INFO [swarm:61] - Récupération clusters pour user1: 1 trouvés
[2026-01-31 13:01:58] INFO [swarm:61] - Récupération clusters pour user1: 1 trouvés
[2026-01-31 13:02:15] INFO [swarm:61] - Récupération clusters pour user1: 1 trouvés
[2026-01-31 13:02:30] INFO [swarm:61] - Récupération clusters pour user1: 1 trouvés
[2026-01-31 13:02:35] INFO [swarm:79] - Déploiement cluster cluster002: 1M + 1W par user1
[2026-01-31 13:02:45] INFO [swarm:61] - Récupération clusters pour user1: 1 trouvés
[2026-01-31 13:02:45] INFO [swarm:79] - Déploiement cluster cluster002: 1M + 0W par user1
[2026-01-31 13:02:45] INFO [swarm:120] - Hôte sélectionné: rick-kvm
[2026-01-31 13:02:45] INFO [swarm:124] - Création réseau: swarm_user1_cluster002
[2026-01-31 13:02:46] INFO [swarm:140] - Cluster cluster002 créé en base de données
[2026-01-31 13:02:46] INFO [swarm:147] - Déploiement nœud: cluster002-manager-1 (manager)
[2026-01-31 13:02:56] INFO [swarm:164] - ✓ Nœud cluster002-manager-1 déployé
[2026-01-31 13:03:00] INFO [swarm:59] - IP mise à jour pour cluster002-manager-1: 192.168.106.162
[2026-01-31 13:03:00] INFO [swarm:61] - Récupération clusters pour user1: 2 trouvés
[2026-01-31 13:03:04] INFO [swarm:61] - Récupération clusters pour user1: 2 trouvés
[2026-01-31 13:03:15] INFO [swarm:61] - Récupération clusters pour user1: 2 trouvés
[2026-01-31 13:03:30] INFO [swarm:61] - Récupération clusters pour user1: 2 trouvés
[2026-01-31 13:03:45] INFO [swarm:61] - Récupération clusters pour user1: 2 trouvés
[2026-01-31 13:10:16] INFO [swarm:61] - Récupération clusters pour user1: 2 trouvés
[2026-01-31 13:10:17] INFO [swarm:61] - Récupération clusters pour user1: 2 trouvés
[2026-01-31 13:10:32] INFO [swarm:61] - Récupération clusters pour user1: 2 trouvés
[2026-01-31 13:10:40] INFO [swarm:284] - Statut cluster test_cluster récupéré
[2026-01-31 13:10:47] INFO [swarm:61] - Récupération clusters pour user1: 2 trouvés
[2026-01-31 13:11:02] INFO [swarm:61] - Récupération clusters pour user1: 2 trouvés
[2026-01-31 13:11:17] INFO [swarm:61] - Récupération clusters pour user1: 2 trouvés
[2026-01-31 13:11:32] INFO [swarm:61] - Récupération clusters pour user1: 2 trouvés
[2026-01-31 13:11:47] INFO [swarm:61] - Récupération clusters pour user1: 2 trouvés
[2026-01-31 13:12:02] INFO [swarm:61] - Récupération clusters pour user1: 2 trouvés
[2026-01-31 13:12:17] INFO [swarm:61] - Récupération clusters pour user1: 2 trouvés
[2026-01-31 13:12:32] INFO [swarm:61] - Récupération clusters pour user1: 2 trouvés
[2026-01-31 13:12:47] INFO [swarm:61] - Récupération clusters pour user1: 2 trouvés
[2026-01-31 13:13:02] INFO [swarm:61] - Récupération clusters pour user1: 2 trouvés
[2026-01-31 13:13:17] INFO [swarm:61] - Récupération clusters pour user1: 2 trouvés
[2026-01-31 13:13:32] INFO [swarm:61] - Récupération clusters pour user1: 2 trouvés
[2026-01-31 13:13:47] INFO [swarm:61] - Récupération clusters pour user1: 2 trouvés
[2026-01-31 13:14:02] INFO [swarm:61] - Récupération clusters pour user1: 2 trouvés
[2026-01-31 13:14:17] INFO [swarm:61] - Récupération clusters pour user1: 2 trouvés
[2026-01-31 13:14:32] INFO [swarm:61] - Récupération clusters pour user1: 2 trouvés
[2026-01-31 13:14:47] INFO [swarm:61] - Récupération clusters pour user1: 2 trouvés
[2026-01-31 13:14:57] INFO [swarm:61] - Récupération clusters pour user1: 2 trouvés
[2026-01-31 13:24:44] INFO [swarm:61] - Récupération clusters pour user1: 2 trouvés
[2026-01-31 13:24:46] INFO [swarm:61] - Récupération clusters pour user1: 2 trouvés
[2026-01-31 13:24:49] INFO [swarm:284] - Statut cluster cluster002 récupéré
[2026-01-31 13:24:57] INFO [swarm:215] - Suppression cluster cluster002 par user1
[2026-01-31 13:24:58] INFO [swarm:229] - Cluster cluster002 supprimé
[2026-01-31 13:24:59] INFO [swarm:61] - Récupération clusters pour user1: 1 trouvés
[2026-01-31 13:27:40] INFO [swarm:61] - Récupération clusters pour user1: 1 trouvés
[2026-01-31 13:27:55] INFO [swarm:61] - Récupération clusters pour user1: 1 trouvés
[2026-01-31 13:28:06] INFO [swarm:79] - Déploiement cluster cluster005: 1M + 1W par user1
[2026-01-31 13:28:07] INFO [swarm:120] - Hôte sélectionné: rick-kvm
[2026-01-31 13:28:07] INFO [swarm:124] - Création réseau: swarm_user1_cluster005
[2026-01-31 13:28:07] INFO [swarm:140] - Cluster cluster005 créé en base de données
[2026-01-31 13:28:07] INFO [swarm:147] - Déploiement nœud: cluster005-manager-1 (manager)
[2026-01-31 13:28:16] INFO [swarm:61] - Récupération clusters pour user1: 2 trouvés
[2026-01-31 13:28:16] INFO [swarm:164] - ✓ Nœud cluster005-manager-1 déployé
[2026-01-31 13:28:16] INFO [swarm:147] - Déploiement nœud: cluster005-worker-1 (worker)
[2026-01-31 13:28:24] INFO [swarm:164] - ✓ Nœud cluster005-worker-1 déployé
[2026-01-31 13:28:25] INFO [swarm:59] - IP mise à jour pour cluster005-manager-1: 192.168.249.136
[2026-01-31 13:28:30] INFO [swarm:61] - Récupération clusters pour user1: 2 trouvés
[2026-01-31 13:28:40] INFO [swarm:59] - IP mise à jour pour cluster005-worker-1: 192.168.249.145
[2026-01-31 13:28:40] INFO [swarm:61] - Récupération clusters pour user1: 2 trouvés
[2026-01-31 13:28:55] INFO [swarm:61] - Récupération clusters pour user1: 2 trouvés
[2026-01-31 13:29:10] INFO [swarm:61] - Récupération clusters pour user1: 2 trouvés
[2026-01-31 13:29:25] INFO [swarm:61] - Récupération clusters pour user1: 2 trouvés
[2026-01-31 13:29:40] INFO [swarm:61] - Récupération clusters pour user1: 2 trouvés
[2026-01-31 13:29:55] INFO [swarm:61] - Récupération clusters pour user1: 2 trouvés
[2026-01-31 13:30:10] INFO [swarm:61] - Récupération clusters pour user1: 2 trouvés
[2026-01-31 13:30:25] INFO [swarm:61] - Récupération clusters pour user1: 2 trouvés
[2026-01-31 13:30:40] INFO [swarm:61] - Récupération clusters pour user1: 2 trouvés
[2026-01-31 13:30:55] INFO [swarm:61] - Récupération clusters pour user1: 2 trouvés
[2026-01-31 13:31:10] INFO [swarm:61] - Récupération clusters pour user1: 2 trouvés
[2026-01-31 13:31:25] INFO [swarm:61] - Récupération clusters pour user1: 2 trouvés
[2026-01-31 13:31:40] INFO [swarm:61] - Récupération clusters pour user1: 2 trouvés
[2026-01-31 13:31:55] INFO [swarm:61] - Récupération clusters pour user1: 2 trouvés
[2026-01-31 13:32:10] INFO [swarm:61] - Récupération clusters pour user1: 2 trouvés
[2026-01-31 13:32:25] INFO [swarm:61] - Récupération clusters pour user1: 2 trouvés
[2026-01-31 13:32:40] INFO [swarm:61] - Récupération clusters pour user1: 2 trouvés
[2026-01-31 13:32:55] INFO [swarm:61] - Récupération clusters pour user1: 2 trouvés
[2026-01-31 13:33:10] INFO [swarm:61] - Récupération clusters pour user1: 2 trouvés
[2026-01-31 13:33:25] INFO [swarm:61] - Récupération clusters pour user1: 2 trouvés
[2026-01-31 13:33:40] INFO [swarm:61] - Récupération clusters pour user1: 2 trouvés
[2026-01-31 13:33:55] INFO [swarm:61] - Récupération clusters pour user1: 2 trouvés
[2026-01-31 13:34:10] INFO [swarm:61] - Récupération clusters pour user1: 2 trouvés
[2026-01-31 13:34:25] INFO [swarm:61] - Récupération clusters pour user1: 2 trouvés
[2026-01-31 13:34:40] INFO [swarm:61] - Récupération clusters pour user1: 2 trouvés
[2026-01-31 13:34:55] INFO [swarm:61] - Récupération clusters pour user1: 2 trouvés
[2026-01-31 13:35:10] INFO [swarm:61] - Récupération clusters pour user1: 2 trouvés
[2026-01-31 13:35:25] INFO [swarm:61] - Récupération clusters pour user1: 2 trouvés
[2026-01-31 13:35:40] INFO [swarm:61] - Récupération clusters pour user1: 2 trouvés
[2026-01-31 13:35:55] INFO [swarm:61] - Récupération clusters pour user1: 2 trouvés
[2026-01-31 13:36:10] INFO [swarm:61] - Récupération clusters pour user1: 2 trouvés
